I'm sorry, but errors were detected in your script. Please correct the
errors listed below, and try again.


File "game/script.rpy", line 129: expected menuitem
    if(playerGender == "Male"):
    ^

Ren'Py Version: Ren'Py 8.0.3.22090809
Sat Feb  4 17:35:07 2023
